// Jest Snapshot v1, https://goo.gl/fbAQLP

exports[`<Exchange /> should render and match the snapshot 1`] = `
<div
  class="sc-bwzfXH dFmtLp"
>
  <div
    class="sc-VigVT ervugl"
  >
    <span
      class="sc-jTzLTM cmSsxF"
    >
      <span>
        Cancel
      </span>
    </span>
    <span
      class="sc-jTzLTM cmSsxF"
    >
      <div
        class="sc-gzVnrw gftquo"
      >
        $1 = Â£
        1
        .
        21
        <span
          class="sc-htoDjs bSNund"
        >
          73
        </span>
      </div>
    </span>
    <span
      class="sc-fjdhpX clFYnx"
    >
      <span>
        Exchange
      </span>
    </span>
  </div>
  <div
    class="sc-bdVaJa hEUrkQ"
    data-testid="outgoing-slider"
  >
    <div
      class="slick-slider slick-initialized"
      dir="ltr"
    >
      <div
        class="slick-list"
      >
        <div
          class="slick-track"
          style="opacity: 1; transform: translate3d(0px, 0px, 0px);"
        >
          <div
            aria-hidden="true"
            class="slick-slide slick-cloned"
            data-index="-1"
            style="width: 0px;"
            tabindex="-1"
          >
            <div>
              <div
                class="sc-htpNat hoOIWi"
              >
                <label
                  class="sc-bxivhb gxqJPj"
                  data-testid="outgoing-label"
                  for="outgoing"
                >
                  USD
                </label>
                <input
                  class="sc-bZQynM kwNiZT"
                  id="outgoing"
                  maxlength="11"
                  size="11"
                  type="text"
                  value="0"
                />
              </div>
              <div
                class="sc-htpNat hoOIWi"
              >
                <span
                  class="sc-EHOje kESwbC"
                >
                  <span>
                    You have
                  </span>
                   
                  1023
                  .
                  35
                   
                  USD
                </span>
                <span
                  class="sc-EHOje kESwbC"
                />
              </div>
            </div>
          </div>
          <div
            aria-hidden="false"
            class="slick-slide slick-active slick-current"
            data-index="0"
            style="outline: none; width: 0px;"
            tabindex="-1"
          >
            <div>
              <div
                class="sc-htpNat hoOIWi"
              >
                <label
                  class="sc-bxivhb gxqJPj"
                  data-testid="outgoing-label"
                  for="outgoing"
                >
                  EUR
                </label>
                <input
                  class="sc-bZQynM kwNiZT"
                  id="outgoing"
                  maxlength="11"
                  size="11"
                  type="text"
                  value="0"
                />
              </div>
              <div
                class="sc-htpNat hoOIWi"
              >
                <span
                  class="sc-EHOje kESwbC"
                >
                  <span>
                    You have
                  </span>
                   
                  102
                  .
                  05
                   
                  EUR
                </span>
                <span
                  class="sc-EHOje kESwbC"
                />
              </div>
            </div>
          </div>
          <div
            aria-hidden="true"
            class="slick-slide"
            data-index="1"
            style="outline: none; width: 0px;"
            tabindex="-1"
          >
            <div>
              <div
                class="sc-htpNat hoOIWi"
              >
                <label
                  class="sc-bxivhb gxqJPj"
                  data-testid="outgoing-label"
                  for="outgoing"
                >
                  GBP
                </label>
                <input
                  class="sc-bZQynM kwNiZT"
                  id="outgoing"
                  maxlength="11"
                  size="11"
                  type="text"
                  value="0"
                />
              </div>
              <div
                class="sc-htpNat hoOIWi"
              >
                <span
                  class="sc-EHOje kESwbC"
                >
                  <span>
                    You have
                  </span>
                   
                  8
                  .
                  15
                   
                  GBP
                </span>
                <span
                  class="sc-EHOje kESwbC"
                />
              </div>
            </div>
          </div>
          <div
            aria-hidden="true"
            class="slick-slide"
            data-index="2"
            style="outline: none; width: 0px;"
            tabindex="-1"
          >
            <div>
              <div
                class="sc-htpNat hoOIWi"
              >
                <label
                  class="sc-bxivhb gxqJPj"
                  data-testid="outgoing-label"
                  for="outgoing"
                >
                  USD
                </label>
                <input
                  class="sc-bZQynM kwNiZT"
                  id="outgoing"
                  maxlength="11"
                  size="11"
                  type="text"
                  value="0"
                />
              </div>
              <div
                class="sc-htpNat hoOIWi"
              >
                <span
                  class="sc-EHOje kESwbC"
                >
                  <span>
                    You have
                  </span>
                   
                  1023
                  .
                  35
                   
                  USD
                </span>
                <span
                  class="sc-EHOje kESwbC"
                />
              </div>
            </div>
          </div>
          <div
            aria-hidden="true"
            class="slick-slide slick-cloned"
            data-index="3"
            style="width: 0px;"
            tabindex="-1"
          >
            <div>
              <div
                class="sc-htpNat hoOIWi"
              >
                <label
                  class="sc-bxivhb gxqJPj"
                  data-testid="outgoing-label"
                  for="outgoing"
                >
                  EUR
                </label>
                <input
                  class="sc-bZQynM kwNiZT"
                  id="outgoing"
                  maxlength="11"
                  size="11"
                  type="text"
                  value="0"
                />
              </div>
              <div
                class="sc-htpNat hoOIWi"
              >
                <span
                  class="sc-EHOje kESwbC"
                >
                  <span>
                    You have
                  </span>
                   
                  102
                  .
                  05
                   
                  EUR
                </span>
                <span
                  class="sc-EHOje kESwbC"
                />
              </div>
            </div>
          </div>
          <div
            aria-hidden="true"
            class="slick-slide slick-cloned"
            data-index="4"
            style="width: 0px;"
            tabindex="-1"
          >
            <div>
              <div
                class="sc-htpNat hoOIWi"
              >
                <label
                  class="sc-bxivhb gxqJPj"
                  data-testid="outgoing-label"
                  for="outgoing"
                >
                  GBP
                </label>
                <input
                  class="sc-bZQynM kwNiZT"
                  id="outgoing"
                  maxlength="11"
                  size="11"
                  type="text"
                  value="0"
                />
              </div>
              <div
                class="sc-htpNat hoOIWi"
              >
                <span
                  class="sc-EHOje kESwbC"
                >
                  <span>
                    You have
                  </span>
                   
                  8
                  .
                  15
                   
                  GBP
                </span>
                <span
                  class="sc-EHOje kESwbC"
                />
              </div>
            </div>
          </div>
          <div
            aria-hidden="true"
            class="slick-slide slick-cloned"
            data-index="5"
            style="width: 0px;"
            tabindex="-1"
          >
            <div>
              <div
                class="sc-htpNat hoOIWi"
              >
                <label
                  class="sc-bxivhb gxqJPj"
                  data-testid="outgoing-label"
                  for="outgoing"
                >
                  USD
                </label>
                <input
                  class="sc-bZQynM kwNiZT"
                  id="outgoing"
                  maxlength="11"
                  size="11"
                  type="text"
                  value="0"
                />
              </div>
              <div
                class="sc-htpNat hoOIWi"
              >
                <span
                  class="sc-EHOje kESwbC"
                >
                  <span>
                    You have
                  </span>
                   
                  1023
                  .
                  35
                   
                  USD
                </span>
                <span
                  class="sc-EHOje kESwbC"
                />
              </div>
            </div>
          </div>
        </div>
      </div>
      <ul
        class="slick-dots"
        style="display: block;"
      >
        <li
          class="slick-active"
        >
          <button>
            1
          </button>
        </li>
        <li
          class=""
        >
          <button>
            2
          </button>
        </li>
        <li
          class=""
        >
          <button>
            3
          </button>
        </li>
      </ul>
    </div>
  </div>
  <div
    class="sc-bdVaJa cGsizg"
  >
    <div
      class="slick-slider slick-initialized"
      dir="ltr"
    >
      <div
        class="slick-list"
      >
        <div
          class="slick-track"
          style="opacity: 1; transform: translate3d(0px, 0px, 0px);"
        >
          <div
            aria-hidden="true"
            class="slick-slide slick-cloned"
            data-index="-1"
            style="width: 0px;"
            tabindex="-1"
          >
            <div>
              <div
                class="sc-htpNat hoOIWi"
              >
                <label
                  class="sc-bxivhb gxqJPj"
                  data-testid="incoming-label"
                  for="incoming"
                >
                  USD
                </label>
                <input
                  class="sc-bZQynM kwNiZT"
                  disabled=""
                  id="incoming"
                  maxlength="11"
                  size="11"
                  type="text"
                  value="0"
                />
              </div>
              <div
                class="sc-htpNat hoOIWi"
              >
                <span
                  class="sc-EHOje kESwbC"
                >
                  <span>
                    You have
                  </span>
                   
                  1023
                  .
                  35
                   
                  USD
                </span>
                <span
                  class="sc-EHOje kESwbC"
                >
                  <div
                    class="sc-gzVnrw gftquo"
                  >
                    $1 = Â£
                    0
                    .
                    89
                    <span
                      class="sc-htoDjs bSNund"
                    >
                      72
                    </span>
                  </div>
                </span>
              </div>
            </div>
          </div>
          <div
            aria-hidden="false"
            class="slick-slide slick-active slick-current"
            data-index="0"
            style="outline: none; width: 0px;"
            tabindex="-1"
          >
            <div>
              <div
                class="sc-htpNat hoOIWi"
              >
                <label
                  class="sc-bxivhb gxqJPj"
                  data-testid="incoming-label"
                  for="incoming"
                >
                  GBP
                </label>
                <input
                  class="sc-bZQynM kwNiZT"
                  disabled=""
                  id="incoming"
                  maxlength="11"
                  size="11"
                  type="text"
                  value="0"
                />
              </div>
              <div
                class="sc-htpNat hoOIWi"
              >
                <span
                  class="sc-EHOje kESwbC"
                >
                  <span>
                    You have
                  </span>
                   
                  8
                  .
                  15
                   
                  GBP
                </span>
                <span
                  class="sc-EHOje kESwbC"
                >
                  <div
                    class="sc-gzVnrw gftquo"
                  >
                    $1 = Â£
                    0
                    .
                    89
                    <span
                      class="sc-htoDjs bSNund"
                    >
                      72
                    </span>
                  </div>
                </span>
              </div>
            </div>
          </div>
          <div
            aria-hidden="true"
            class="slick-slide"
            data-index="1"
            style="outline: none; width: 0px;"
            tabindex="-1"
          >
            <div>
              <div
                class="sc-htpNat hoOIWi"
              >
                <label
                  class="sc-bxivhb gxqJPj"
                  data-testid="incoming-label"
                  for="incoming"
                >
                  USD
                </label>
                <input
                  class="sc-bZQynM kwNiZT"
                  disabled=""
                  id="incoming"
                  maxlength="11"
                  size="11"
                  type="text"
                  value="0"
                />
              </div>
              <div
                class="sc-htpNat hoOIWi"
              >
                <span
                  class="sc-EHOje kESwbC"
                >
                  <span>
                    You have
                  </span>
                   
                  1023
                  .
                  35
                   
                  USD
                </span>
                <span
                  class="sc-EHOje kESwbC"
                >
                  <div
                    class="sc-gzVnrw gftquo"
                  >
                    $1 = Â£
                    0
                    .
                    89
                    <span
                      class="sc-htoDjs bSNund"
                    >
                      72
                    </span>
                  </div>
                </span>
              </div>
            </div>
          </div>
          <div
            aria-hidden="true"
            class="slick-slide slick-cloned"
            data-index="2"
            style="width: 0px;"
            tabindex="-1"
          >
            <div>
              <div
                class="sc-htpNat hoOIWi"
              >
                <label
                  class="sc-bxivhb gxqJPj"
                  data-testid="incoming-label"
                  for="incoming"
                >
                  GBP
                </label>
                <input
                  class="sc-bZQynM kwNiZT"
                  disabled=""
                  id="incoming"
                  maxlength="11"
                  size="11"
                  type="text"
                  value="0"
                />
              </div>
              <div
                class="sc-htpNat hoOIWi"
              >
                <span
                  class="sc-EHOje kESwbC"
                >
                  <span>
                    You have
                  </span>
                   
                  8
                  .
                  15
                   
                  GBP
                </span>
                <span
                  class="sc-EHOje kESwbC"
                >
                  <div
                    class="sc-gzVnrw gftquo"
                  >
                    $1 = Â£
                    0
                    .
                    89
                    <span
                      class="sc-htoDjs bSNund"
                    >
                      72
                    </span>
                  </div>
                </span>
              </div>
            </div>
          </div>
          <div
            aria-hidden="true"
            class="slick-slide slick-cloned"
            data-index="3"
            style="width: 0px;"
            tabindex="-1"
          >
            <div>
              <div
                class="sc-htpNat hoOIWi"
              >
                <label
                  class="sc-bxivhb gxqJPj"
                  data-testid="incoming-label"
                  for="incoming"
                >
                  USD
                </label>
                <input
                  class="sc-bZQynM kwNiZT"
                  disabled=""
                  id="incoming"
                  maxlength="11"
                  size="11"
                  type="text"
                  value="0"
                />
              </div>
              <div
                class="sc-htpNat hoOIWi"
              >
                <span
                  class="sc-EHOje kESwbC"
                >
                  <span>
                    You have
                  </span>
                   
                  1023
                  .
                  35
                   
                  USD
                </span>
                <span
                  class="sc-EHOje kESwbC"
                >
                  <div
                    class="sc-gzVnrw gftquo"
                  >
                    $1 = Â£
                    0
                    .
                    89
                    <span
                      class="sc-htoDjs bSNund"
                    >
                      72
                    </span>
                  </div>
                </span>
              </div>
            </div>
          </div>
        </div>
      </div>
      <ul
        class="slick-dots"
        style="display: block;"
      >
        <li
          class="slick-active"
        >
          <button>
            1
          </button>
        </li>
        <li
          class=""
        >
          <button>
            2
          </button>
        </li>
      </ul>
    </div>
  </div>
  <div
    class="sc-dnqmqq cOhvHF"
  >
    <div
      class="sc-gZMcBi bFxGfE"
    >
      <li
        class="sc-gqjmRU eLzNSq"
      >
        1
      </li>
      <li
        class="sc-gqjmRU eLzNSq"
      >
        2
      </li>
      <li
        class="sc-gqjmRU eLzNSq"
      >
        3
      </li>
      <li
        class="sc-gqjmRU eLzNSq"
      >
        4
      </li>
      <li
        class="sc-gqjmRU eLzNSq"
      >
        5
      </li>
      <li
        class="sc-gqjmRU eLzNSq"
      >
        6
      </li>
      <li
        class="sc-gqjmRU eLzNSq"
      >
        7
      </li>
      <li
        class="sc-gqjmRU eLzNSq"
      >
        8
      </li>
      <li
        class="sc-gqjmRU eLzNSq"
      >
        9
      </li>
      <li
        class="sc-gqjmRU eLzNSq"
      >
         .
      </li>
      <li
        class="sc-gqjmRU eLzNSq"
      >
        0
      </li>
      <li
        class="sc-gqjmRU eLzNSq"
      >
        <div
          class="sc-iwsKbI jnPgxl"
        >
          <div>
            <svg
              fill="#fff"
              focusable="false"
              height="3em"
              viewBox="0 0 1024 1024"
              width="3em"
            >
              <path
                d="M689 165.1L308.2 493.5c-10.9 9.4-10.9 27.5 0 37L689 858.9c14.2 12.2 35 1.2 35-18.5V183.6c0-19.7-20.8-30.7-35-18.5z"
              />
            </svg>
          </div>
        </div>
      </li>
    </div>
  </div>
</div>
`;
